  Determining projects to restore...
  All projects are up-to-date for restore.
C:\Users\gurud\nextjs_task\Internship_Project\wedding-add-ons\services\psd-dotnet\PsdEditorApi\Services\BannerEditorService.cs(254,29): error CS0266: Cannot implicitly convert type 'int' to 'Aspose.PSD.FileFormats.Psd.JustificationMode'. An explicit conversion exists (are you missing a cast?) [C:\Users\gurud\nextjs_task\Internship_Project\wedding-add-ons\services\psd-dotnet\PsdEditorApi\PsdEditorApi.csproj]
C:\Users\gurud\nextjs_task\Internship_Project\wedding-add-ons\services\psd-dotnet\PsdEditorApi\Services\BannerEditorService.cs(255,29): error CS0266: Cannot implicitly convert type 'int' to 'Aspose.PSD.FileFormats.Psd.JustificationMode'. An explicit conversion exists (are you missing a cast?) [C:\Users\gurud\nextjs_task\Internship_Project\wedding-add-ons\services\psd-dotnet\PsdEditorApi\PsdEditorApi.csproj]
C:\Users\gurud\nextjs_task\Internship_Project\wedding-add-ons\services\psd-dotnet\PsdEditorApi\Controllers\MockupController.cs(29,42): warning CS1998: This async method lacks 'await' operators and will run synchronously. Consider using the 'await' operator to await non-blocking API calls, or 'await Task.Run(...)' to do CPU-bound work on a background thread. [C:\Users\gurud\nextjs_task\Internship_Project\wedding-add-ons\services\psd-dotnet\PsdEditorApi\PsdEditorApi.csproj]

Build FAILED.

C:\Users\gurud\nextjs_task\Internship_Project\wedding-add-ons\services\psd-dotnet\PsdEditorApi\Controllers\MockupController.cs(29,42): warning CS1998: This async method lacks 'await' operators and will run synchronously. Consider using the 'await' operator to await non-blocking API calls, or 'await Task.Run(...)' to do CPU-bound work on a background thread. [C:\Users\gurud\nextjs_task\Internship_Project\wedding-add-ons\services\psd-dotnet\PsdEditorApi\PsdEditorApi.csproj]
C:\Users\gurud\nextjs_task\Internship_Project\wedding-add-ons\services\psd-dotnet\PsdEditorApi\Services\BannerEditorService.cs(254,29): error CS0266: Cannot implicitly convert type 'int' to 'Aspose.PSD.FileFormats.Psd.JustificationMode'. An explicit conversion exists (are you missing a cast?) [C:\Users\gurud\nextjs_task\Internship_Project\wedding-add-ons\services\psd-dotnet\PsdEditorApi\PsdEditorApi.csproj]
C:\Users\gurud\nextjs_task\Internship_Project\wedding-add-ons\services\psd-dotnet\PsdEditorApi\Services\BannerEditorService.cs(255,29): error CS0266: Cannot implicitly convert type 'int' to 'Aspose.PSD.FileFormats.Psd.JustificationMode'. An explicit conversion exists (are you missing a cast?) [C:\Users\gurud\nextjs_task\Internship_Project\wedding-add-ons\services\psd-dotnet\PsdEditorApi\PsdEditorApi.csproj]
    1 Warning(s)
    2 Error(s)

Time Elapsed 00:00:02.40
