.next/dev/types/validator.ts(351,31): error TS2344: Type 'typeof import("C:/Users/gurud/nextjs_task/Internship_Project/wedding-add-ons/app/api/templates/[id]/route")' does not satisfy the constraint 'RouteHandlerConfig<"/api/templates/[id]">'.
  Types of property 'GET' are incompatible.
    Type '(req: NextRequest, { params }: { params: { id: string; }; }) => Promise<NextResponse<{ error: string; }> | NextResponse<{ psd_path: string; id: number; name: string; description: string; image_path: string; }>>' is not assignable to type '(request: NextRequest, context: { params: Promise<{ id: string; }>; }) => void | Response | Promise<void | Response>'.
      Types of parameters '__1' and 'context' are incompatible.
        Type '{ params: Promise<{ id: string; }>; }' is not assignable to type '{ params: { id: string; }; }'.
          Types of property 'params' are incompatible.
            Property 'id' is missing in type 'Promise<{ id: string; }>' but required in type '{ id: string; }'.
app/ceremony-decor/welcome-banner/[id]/page.tsx(7,21): error TS2307: Cannot find module '@/components/editor/Sidebar' or its corresponding type declarations.
app/ceremony-decor/welcome-banner/[id]/page.tsx(8,21): error TS2307: Cannot find module '@/components/editor/Toolbar' or its corresponding type declarations.
app/ceremony-decor/welcome-banner/[id]/page.tsx(9,23): error TS2307: Cannot find module '@/components/editor/panels/TextPanel' or its corresponding type declarations.
app/ceremony-decor/welcome-banner/[id]/page.tsx(10,27): error TS2307: Cannot find module '@/components/editor/panels/ElementsPanel' or its corresponding type declarations.
app/ceremony-decor/welcome-banner/[id]/page.tsx(11,25): error TS2307: Cannot find module '@/components/editor/panels/ShapesPanel' or its corresponding type declarations.
app/ceremony-decor/welcome-banner/[id]/page.tsx(12,26): error TS2307: Cannot find module '@/components/editor/panels/UploadsPanel' or its corresponding type declarations.
app/templates/[id]/editor/page.tsx(3,26): error TS2307: Cannot find module '@/components/EditorLayout' or its corresponding type declarations.
app/templates/[id]/editor/page.tsx(4,23): error TS2307: Cannot find module '@/components/PsdEditor' or its corresponding type declarations.
app/templates/page.tsx(1,26): error TS2307: Cannot find module '@/components/TemplateCard' or its corresponding type declarations.
